Archive member included because of file (symbol)

c:/users/mperla.corp/appdata/roaming/arduino15/packages/arduino/tools/arm-none-eabi-gcc/4.8.3-2014q1/bin/../lib/gcc/arm-none-eabi/4.8.3/../../../../arm-none-eabi/lib/armv6-m\libc_s.a(lib_a-exit.o)
                              c:/users/mperla.corp/appdata/roaming/arduino15/packages/arduino/tools/arm-none-eabi-gcc/4.8.3-2014q1/bin/../lib/gcc/arm-none-eabi/4.8.3/../../../../arm-none-eabi/lib/armv6-m/crt0.o (exit)
c:/users/mperla.corp/appdata/roaming/arduino15/packages/arduino/tools/arm-none-eabi-gcc/4.8.3-2014q1/bin/../lib/gcc/arm-none-eabi/4.8.3/../../../../arm-none-eabi/lib/armv6-m\libc_s.a(lib_a-impure.o)
                              c:/users/mperla.corp/appdata/roaming/arduino15/packages/arduino/tools/arm-none-eabi-gcc/4.8.3-2014q1/bin/../lib/gcc/arm-none-eabi/4.8.3/../../../../arm-none-eabi/lib/armv6-m\libc_s.a(lib_a-exit.o) (_global_impure_ptr)
c:/users/mperla.corp/appdata/roaming/arduino15/packages/arduino/tools/arm-none-eabi-gcc/4.8.3-2014q1/bin/../lib/gcc/arm-none-eabi/4.8.3/../../../../arm-none-eabi/lib/armv6-m\libc_s.a(lib_a-init.o)
                              c:/users/mperla.corp/appdata/roaming/arduino15/packages/arduino/tools/arm-none-eabi-gcc/4.8.3-2014q1/bin/../lib/gcc/arm-none-eabi/4.8.3/../../../../arm-none-eabi/lib/armv6-m/crt0.o (__libc_init_array)
c:/users/mperla.corp/appdata/roaming/arduino15/packages/arduino/tools/arm-none-eabi-gcc/4.8.3-2014q1/bin/../lib/gcc/arm-none-eabi/4.8.3/../../../../arm-none-eabi/lib/armv6-m\libc_s.a(lib_a-memcpy-stub.o)
                              build/board_driver_usb.o (memcpy)
c:/users/mperla.corp/appdata/roaming/arduino15/packages/arduino/tools/arm-none-eabi-gcc/4.8.3-2014q1/bin/../lib/gcc/arm-none-eabi/4.8.3/../../../../arm-none-eabi/lib/armv6-m\libc_s.a(lib_a-memset.o)
                              c:/users/mperla.corp/appdata/roaming/arduino15/packages/arduino/tools/arm-none-eabi-gcc/4.8.3-2014q1/bin/../lib/gcc/arm-none-eabi/4.8.3/../../../../arm-none-eabi/lib/armv6-m/crt0.o (memset)
c:/users/mperla.corp/appdata/roaming/arduino15/packages/arduino/tools/arm-none-eabi-gcc/4.8.3-2014q1/bin/../lib/gcc/arm-none-eabi/4.8.3/../../../../arm-none-eabi/lib/armv6-m\libnosys.a(_exit.o)
                              c:/users/mperla.corp/appdata/roaming/arduino15/packages/arduino/tools/arm-none-eabi-gcc/4.8.3-2014q1/bin/../lib/gcc/arm-none-eabi/4.8.3/../../../../arm-none-eabi/lib/armv6-m\libc_s.a(lib_a-exit.o) (_exit)

Allocating common symbols
Common symbol       size              file

b_sharp_received    0x1               build/sam_ba_serial.o
udd_ep_out_cache_buffer
                    0x80              build/board_driver_usb.o
j                   0x1               build/sam_ba_monitor.o
udd_ep_in_cache_buffer
                    0x80              build/board_driver_usb.o
idx_rx_write        0x1               build/sam_ba_serial.o
size_of_data        0x2               build/sam_ba_serial.o
length              0x4               build/sam_ba_monitor.o
ptr                 0x4               build/sam_ba_monitor.o
command             0x1               build/sam_ba_monitor.o
pulSketch_Start_Address
                    0x4               build/main.o
MAX_FLASH           0x4               build/sam_ba_monitor.o
PAGES               0x4               build/sam_ba_monitor.o
idx_tx_read         0x1               build/sam_ba_serial.o
i                   0x4               build/sam_ba_monitor.o
buffer_tx_usart     0x80              build/sam_ba_serial.o
sam_ba_cdc          0xc               build/sam_ba_usb.o
error_timeout       0x1               build/sam_ba_serial.o
usb_endpoint_table  0x80              build/board_driver_usb.o
PAGE_SIZE           0x4               build/sam_ba_monitor.o
data                0x40              build/sam_ba_monitor.o
mode_of_transfer    0x1               build/sam_ba_serial.o
ptr_data            0x4               build/sam_ba_monitor.o
idx_rx_read         0x1               build/sam_ba_serial.o
ptr_monitor_if      0x4               build/sam_ba_monitor.o
sp                  0x4               build/sam_ba_monitor.o
current_number      0x4               build/sam_ba_monitor.o
idx_tx_write        0x1               build/sam_ba_serial.o
u32tmp              0x4               build/sam_ba_monitor.o
buffer_rx_usart     0x80              build/sam_ba_serial.o

Discarded input sections

 .text          0x00000000        0x0 c:/users/mperla.corp/appdata/roaming/arduino15/packages/arduino/tools/arm-none-eabi-gcc/4.8.3-2014q1/bin/../lib/gcc/arm-none-eabi/4.8.3/armv6-m/crti.o
 .data          0x00000000        0x0 c:/users/mperla.corp/appdata/roaming/arduino15/packages/arduino/tools/arm-none-eabi-gcc/4.8.3-2014q1/bin/../lib/gcc/arm-none-eabi/4.8.3/armv6-m/crti.o
 .bss           0x00000000        0x0 c:/users/mperla.corp/appdata/roaming/arduino15/packages/arduino/tools/arm-none-eabi-gcc/4.8.3-2014q1/bin/../lib/gcc/arm-none-eabi/4.8.3/armv6-m/crti.o
[...]
Memory Configuration

Name             Origin             Length             Attributes
FLASH            0x00000000         0x00002000         xr
RAM              0x20000000         0x00007ffc         xrw
*default*        0x00000000         0xffffffff

Linker script and memory map

LOAD c:/users/mperla.corp/appdata/roaming/arduino15/packages/arduino/tools/arm-none-eabi-gcc/4.8.3-2014q1/bin/../lib/gcc/arm-none-eabi/4.8.3/armv6-m/crti.o
LOAD c:/users/mperla.corp/appdata/roaming/arduino15/packages/arduino/tools/arm-none-eabi-gcc/4.8.3-2014q1/bin/../lib/gcc/arm-none-eabi/4.8.3/armv6-m/crtbegin.o
LOAD c:/users/mperla.corp/appdata/roaming/arduino15/packages/arduino/tools/arm-none-eabi-gcc/4.8.3-2014q1/bin/../lib/gcc/arm-none-eabi/4.8.3/../../../../arm-none-eabi/lib/armv6-m/crt0.o
START GROUP
LOAD build/board_driver_led.o
LOAD build/board_driver_serial.o
LOAD build/board_driver_usb.o
LOAD build/board_init.o
LOAD build/board_startup.o
LOAD build/main.o
LOAD build/sam_ba_usb.o
LOAD build/sam_ba_cdc.o
LOAD build/sam_ba_monitor.o
LOAD build/sam_ba_serial.o
LOAD c:/users/mperla.corp/appdata/roaming/arduino15/packages/arduino/tools/arm-none-eabi-gcc/4.8.3-2014q1/bin/../lib/gcc/arm-none-eabi/4.8.3/../../../../arm-none-eabi/lib/armv6-m\libm.a
END GROUP
START GROUP
LOAD c:/users/mperla.corp/appdata/roaming/arduino15/packages/arduino/tools/arm-none-eabi-gcc/4.8.3-2014q1/bin/../lib/gcc/arm-none-eabi/4.8.3/armv6-m\libgcc.a
LOAD c:/users/mperla.corp/appdata/roaming/arduino15/packages/arduino/tools/arm-none-eabi-gcc/4.8.3-2014q1/bin/../lib/gcc/arm-none-eabi/4.8.3/../../../../arm-none-eabi/lib/armv6-m\libc_s.a
END GROUP
START GROUP
LOAD c:/users/mperla.corp/appdata/roaming/arduino15/packages/arduino/tools/arm-none-eabi-gcc/4.8.3-2014q1/bin/../lib/gcc/arm-none-eabi/4.8.3/armv6-m\libgcc.a
LOAD c:/users/mperla.corp/appdata/roaming/arduino15/packages/arduino/tools/arm-none-eabi-gcc/4.8.3-2014q1/bin/../lib/gcc/arm-none-eabi/4.8.3/../../../../arm-none-eabi/lib/armv6-m\libc_s.a
LOAD c:/users/mperla.corp/appdata/roaming/arduino15/packages/arduino/tools/arm-none-eabi-gcc/4.8.3-2014q1/bin/../lib/gcc/arm-none-eabi/4.8.3/../../../../arm-none-eabi/lib/armv6-m\libnosys.a
END GROUP
START GROUP
LOAD c:/users/mperla.corp/appdata/roaming/arduino15/packages/arduino/tools/arm-none-eabi-gcc/4.8.3-2014q1/bin/../lib/gcc/arm-none-eabi/4.8.3/armv6-m\libgcc.a
LOAD c:/users/mperla.corp/appdata/roaming/arduino15/packages/arduino/tools/arm-none-eabi-gcc/4.8.3-2014q1/bin/../lib/gcc/arm-none-eabi/4.8.3/../../../../arm-none-eabi/lib/armv6-m\libc_s.a
LOAD c:/users/mperla.corp/appdata/roaming/arduino15/packages/arduino/tools/arm-none-eabi-gcc/4.8.3-2014q1/bin/../lib/gcc/arm-none-eabi/4.8.3/../../../../arm-none-eabi/lib/armv6-m\libnosys.a
END GROUP
LOAD c:/users/mperla.corp/appdata/roaming/arduino15/packages/arduino/tools/arm-none-eabi-gcc/4.8.3-2014q1/bin/../lib/gcc/arm-none-eabi/4.8.3/armv6-m/crtend.o
LOAD c:/users/mperla.corp/appdata/roaming/arduino15/packages/arduino/tools/arm-none-eabi-gcc/4.8.3-2014q1/bin/../lib/gcc/arm-none-eabi/4.8.3/armv6-m/crtn.o
                0x00000000                . = ORIGIN (FLASH)

.vectors        0x00000000       0x40
 *(.isr_vector)
 .isr_vector    0x00000000       0x40 build/board_startup.o
                0x00000000                exception_table

.text           0x00000040     0x1aa0
 *(.text*)
 .text          0x00000040       0x60 c:/users/mperla.corp/appdata/roaming/arduino15/packages/arduino/tools/arm-none-eabi-gcc/4.8.3-2014q1/bin/../lib/gcc/arm-none-eabi/4.8.3/armv6-m/crtbegin.o
 .text.uart_basic_init
                0x000000a0       0x6c build/board_driver_serial.o
                0x000000a0                uart_basic_init
 .text.uart_write_byte
                0x0000010c        0xc build/board_driver_serial.o
                0x0000010c                uart_write_byte
 .text.uart_read_byte
                0x00000118       0x2c build/board_driver_serial.o
                0x00000118                uart_read_byte
 .text.USB_IsConfigured
                0x00000144       0x94 build/board_driver_usb.o
                0x00000144                USB_IsConfigured
 .text.USB_Open
                0x000001d8       0x1c build/board_driver_usb.o
                0x000001d8                USB_Open
 .text.USB_Init
                0x000001f4      0x10c build/board_driver_usb.o
                0x000001f4                USB_Init
 .text.USB_Write
                0x00000300       0xbc build/board_driver_usb.o
                0x00000300                USB_Write
 .text.USB_Read
                0x000003bc       0x94 build/board_driver_usb.o
                0x000003bc                USB_Read
 .text.USB_SendStall
                0x00000450       0x28 build/board_driver_usb.o
                0x00000450                USB_SendStall
 .text.USB_SendZlp
                0x00000478       0x48 build/board_driver_usb.o
                0x00000478                USB_SendZlp
 .text.USB_SetAddress
                0x000004c0        0xc build/board_driver_usb.o
                0x000004c0                USB_SetAddress
 .text.USB_Configure
                0x000004cc       0x68 build/board_driver_usb.o
                0x000004cc                USB_Configure
 .text.board_init
                0x00000534      0x128 build/board_init.o
                0x00000534                board_init
 .text.NMI_Handler
                0x0000065c        0x4 build/board_startup.o
                0x0000065c                NMI_Handler
 .text.HardFault_Handler
                0x00000660        0x4 build/board_startup.o
                0x00000660                HardFault_Handler
 .text.SVC_Handler
                0x00000664        0x4 build/board_startup.o
                0x00000664                SVC_Handler
 .text.PendSV_Handler
                0x00000668        0x4 build/board_startup.o
                0x00000668                PendSV_Handler
 .text.SysTick_Handler
                0x0000066c        0x4 build/board_startup.o
                0x0000066c                SysTick_Handler
 .text.Reset_Handler
                0x00000670       0x80 build/board_startup.o
                0x00000670                Reset_Handler
 .text.main     0x000006f0       0xd8 build/main.o
                0x000006f0                main
 .text.sam_ba_usb_CDC_Enumerate
                0x000007c8      0x458 build/sam_ba_usb.o
                0x000007c8                sam_ba_usb_CDC_Enumerate
 .text.usb_init
                0x00000c20       0x20 build/sam_ba_usb.o
                0x00000c20                usb_init
 .text.cdc_putc
                0x00000c40       0x20 build/sam_ba_cdc.o
                0x00000c40                cdc_putc
 .text.cdc_getc
                0x00000c60       0x20 build/sam_ba_cdc.o
                0x00000c60                cdc_getc
 .text.cdc_is_rx_ready
                0x00000c80       0x24 build/sam_ba_cdc.o
                0x00000c80                cdc_is_rx_ready
 .text.cdc_write_buf
                0x00000ca4       0x1c build/sam_ba_cdc.o
                0x00000ca4                cdc_write_buf
 .text.cdc_read_buf
                0x00000cc0       0x28 build/sam_ba_cdc.o
                0x00000cc0                cdc_read_buf
 .text.cdc_read_buf_xmd
                0x00000ce8       0x3c build/sam_ba_cdc.o
                0x00000ce8                cdc_read_buf_xmd
 .text.sam_ba_monitor_init
                0x00000d24       0x30 build/sam_ba_monitor.o
                0x00000d24                sam_ba_monitor_init
 .text.sam_ba_putdata_term
                0x00000d54       0x94 build/sam_ba_monitor.o
                0x00000d54                sam_ba_putdata_term
 .text.call_applet
                0x00000de8       0x1c build/sam_ba_monitor.o
                0x00000de8                call_applet
 .text.sam_ba_monitor_run
                0x00000e04      0x5a8 build/sam_ba_monitor.o
                0x00000e04                sam_ba_monitor_run
 .text.serial_open
                0x000013ac       0xac build/sam_ba_serial.o
                0x000013ac                serial_open
 .text.serial_putc
                0x00001458       0x14 build/sam_ba_serial.o
                0x00001458                serial_putc
 .text.serial_is_rx_ready
                0x0000146c       0x10 build/sam_ba_serial.o
                0x0000146c                serial_is_rx_ready
 .text.serial_getc
                0x0000147c       0x18 build/sam_ba_serial.o
                0x0000147c                serial_getc
 .text.serial_sharp_received
                0x00001494       0x1c build/sam_ba_serial.o
                0x00001494                serial_sharp_received
 .text.serial_putdata
                0x000014b0       0x1c build/sam_ba_serial.o
                0x000014b0                serial_putdata
 .text.serial_getdata
                0x000014cc       0x10 build/sam_ba_serial.o
                0x000014cc                serial_getdata
 .text.serial_add_crc
                0x000014dc       0x18 build/sam_ba_serial.o
                0x000014dc                serial_add_crc
 .text.getbytes
                0x000014f4       0x84 build/sam_ba_serial.o
 .text.serial_putdata_xmd
                0x00001578      0x14c build/sam_ba_serial.o
                0x00001578                serial_putdata_xmd
 .text.serial_getdata_xmd
                0x000016c4      0x124 build/sam_ba_serial.o
                0x000016c4                serial_getdata_xmd
 .text.memcpy   0x000017e8       0x12 c:/users/mperla.corp/appdata/roaming/arduino15/packages/arduino/tools/arm-none-eabi-gcc/4.8.3-2014q1/bin/../lib/gcc/arm-none-eabi/4.8.3/../../../../arm-none-eabi/lib/armv6-m\libc_s.a(lib_a-memcpy-stub.o)
                0x000017e8                memcpy
 .text.memset   0x000017fa       0x10 c:/users/mperla.corp/appdata/roaming/arduino15/packages/arduino/tools/arm-none-eabi-gcc/4.8.3-2014q1/bin/../lib/gcc/arm-none-eabi/4.8.3/../../../../arm-none-eabi/lib/armv6-m\libc_s.a(lib_a-memset.o)
                0x000017fa                memset
 *(.init)
 *fill*         0x0000180a        0x2 
 .init          0x0000180c        0x4 c:/users/mperla.corp/appdata/roaming/arduino15/packages/arduino/tools/arm-none-eabi-gcc/4.8.3-2014q1/bin/../lib/gcc/arm-none-eabi/4.8.3/armv6-m/crti.o
                0x0000180c                _init
 .init          0x00001810        0x8 c:/users/mperla.corp/appdata/roaming/arduino15/packages/arduino/tools/arm-none-eabi-gcc/4.8.3-2014q1/bin/../lib/gcc/arm-none-eabi/4.8.3/armv6-m/crtn.o
 *(.fini)
 .fini          0x00001818        0x4 c:/users/mperla.corp/appdata/roaming/arduino15/packages/arduino/tools/arm-none-eabi-gcc/4.8.3-2014q1/bin/../lib/gcc/arm-none-eabi/4.8.3/armv6-m/crti.o
                0x00001818                _fini
 .fini          0x0000181c        0x8 c:/users/mperla.corp/appdata/roaming/arduino15/packages/arduino/tools/arm-none-eabi-gcc/4.8.3-2014q1/bin/../lib/gcc/arm-none-eabi/4.8.3/armv6-m/crtn.o
 *crtbegin.o(.ctors)
 *crtbegin?.o(.ctors)
 *(EXCLUDE_FILE(*crtend.o *crtend?.o) .ctors)
 *(SORT(.ctors.*))
 *(.ctors)
 *crtbegin.o(.dtors)
 *crtbegin?.o(.dtors)
 *(EXCLUDE_FILE(*crtend.o *crtend?.o) .dtors)
 *(SORT(.dtors.*))
 *(.dtors)
 *(.rodata*)
 .rodata.devDescriptor
                0x00001824       0x14 build/sam_ba_usb.o
 .rodata        0x00001838       0x20 build/sam_ba_monitor.o
 .rodata.uart_if
                0x00001858       0x1c build/sam_ba_monitor.o
                0x00001858                uart_if
 .rodata.RomBOOT_Version
                0x00001874        0x4 build/sam_ba_monitor.o
                0x00001874                RomBOOT_Version
 .rodata.str1.4
                0x00001878       0x38 build/sam_ba_monitor.o
 .rodata.usbcdc_if
                0x000018b0       0x1c build/sam_ba_monitor.o
                0x000018b0                usbcdc_if
 .rodata.RomBOOT_ExtendedCapabilities
                0x000018cc       0x10 build/sam_ba_monitor.o
                0x000018cc                RomBOOT_ExtendedCapabilities
 .rodata.crc16Table
                0x000018dc      0x200 build/sam_ba_serial.o
 *(.eh_frame*)
 .eh_frame      0x00001adc        0x0 c:/users/mperla.corp/appdata/roaming/arduino15/packages/arduino/tools/arm-none-eabi-gcc/4.8.3-2014q1/bin/../lib/gcc/arm-none-eabi/4.8.3/armv6-m/crtbegin.o
 .eh_frame      0x00001adc        0x4 c:/users/mperla.corp/appdata/roaming/arduino15/packages/arduino/tools/arm-none-eabi-gcc/4.8.3-2014q1/bin/../lib/gcc/arm-none-eabi/4.8.3/armv6-m/crtend.o

.glue_7         0x00001ae0        0x0
 .glue_7        0x00000000        0x0 linker stubs

.glue_7t        0x00001ae0        0x0
 .glue_7t       0x00000000        0x0 linker stubs

.vfp11_veneer   0x00001ae0        0x0
 .vfp11_veneer  0x00000000        0x0 linker stubs

.v4_bx          0x00001ae0        0x0
 .v4_bx         0x00000000        0x0 linker stubs

.iplt           0x00001ae0        0x0
 .iplt          0x00000000        0x0 c:/users/mperla.corp/appdata/roaming/arduino15/packages/arduino/tools/arm-none-eabi-gcc/4.8.3-2014q1/bin/../lib/gcc/arm-none-eabi/4.8.3/armv6-m/crtbegin.o

.rel.dyn        0x00001ae0        0x0
 .rel.iplt      0x00000000        0x0 c:/users/mperla.corp/appdata/roaming/arduino15/packages/arduino/tools/arm-none-eabi-gcc/4.8.3-2014q1/bin/../lib/gcc/arm-none-eabi/4.8.3/armv6-m/crtbegin.o

.ARM.extab
 *(.ARM.extab* .gnu.linkonce.armextab.*)
                0x00001ae0                __exidx_start = .

.ARM.exidx
 *(.ARM.exidx* .gnu.linkonce.armexidx.*)
                0x00001ae0                __exidx_end = .
                0x00001ae0                __etext = .
                0x00002000                PROVIDE (__sketch_vectors_ptr, (ORIGIN (FLASH) + 0x2000))

.data           0x20000000       0x58 load address 0x00001ae0
                0x20000000                __data_start__ = .
 *(vtable)
 *(.data*)
 .data.cfgDescriptor
                0x20000000       0x44 build/sam_ba_usb.o
 .data.line_coding
                0x20000044        0x8 build/sam_ba_cdc.o
                0x20000044                line_coding
                0x2000004c                . = ALIGN (0x4)
                0x2000004c                PROVIDE (__preinit_array_start, .)
 *(.preinit_array)
                0x2000004c                PROVIDE (__preinit_array_end, .)
                0x2000004c                . = ALIGN (0x4)
                0x2000004c                PROVIDE (__init_array_start, .)
 *(SORT(.init_array.*))
 *(.init_array)
 .init_array    0x2000004c        0x4 c:/users/mperla.corp/appdata/roaming/arduino15/packages/arduino/tools/arm-none-eabi-gcc/4.8.3-2014q1/bin/../lib/gcc/arm-none-eabi/4.8.3/armv6-m/crtbegin.o
                0x20000050                PROVIDE (__init_array_end, .)
                0x20000050                . = ALIGN (0x4)
                0x20000050                PROVIDE (__fini_array_start, .)
 *(SORT(.fini_array.*))
 *(.fini_array)
 .fini_array    0x20000050        0x4 c:/users/mperla.corp/appdata/roaming/arduino15/packages/arduino/tools/arm-none-eabi-gcc/4.8.3-2014q1/bin/../lib/gcc/arm-none-eabi/4.8.3/armv6-m/crtbegin.o
                0x20000054                PROVIDE (__fini_array_end, .)
 *(.jcr*)
 .jcr           0x20000054        0x0 c:/users/mperla.corp/appdata/roaming/arduino15/packages/arduino/tools/arm-none-eabi-gcc/4.8.3-2014q1/bin/../lib/gcc/arm-none-eabi/4.8.3/armv6-m/crtbegin.o
 .jcr           0x20000054        0x4 c:/users/mperla.corp/appdata/roaming/arduino15/packages/arduino/tools/arm-none-eabi-gcc/4.8.3-2014q1/bin/../lib/gcc/arm-none-eabi/4.8.3/armv6-m/crtend.o
                0x20000058                . = ALIGN (0x4)
                0x20000058                __data_end__ = .

.igot.plt       0x20000058        0x0 load address 0x00001b38
 .igot.plt      0x00000000        0x0 c:/users/mperla.corp/appdata/roaming/arduino15/packages/arduino/tools/arm-none-eabi-gcc/4.8.3-2014q1/bin/../lib/gcc/arm-none-eabi/4.8.3/armv6-m/crtbegin.o

.bss            0x20000058      0x344 load address 0x00001b38
                0x20000058                . = ALIGN (0x4)
                0x20000058                __bss_start__ = .
 *(.bss*)
 .bss           0x20000058       0x1c c:/users/mperla.corp/appdata/roaming/arduino15/packages/arduino/tools/arm-none-eabi-gcc/4.8.3-2014q1/bin/../lib/gcc/arm-none-eabi/4.8.3/armv6-m/crtbegin.o
 .bss.uart_drv_error_flag
                0x20000074        0x1 build/board_driver_serial.o
                0x20000074                uart_drv_error_flag
 .bss.read_job  0x20000075        0x1 build/board_driver_usb.o
 .bss.main_b_cdc_enable
                0x20000076        0x1 build/main.o
 .bss.bRequest.10258
                0x20000077        0x1 build/sam_ba_usb.o
 .bss.wValue.10260
                0x20000078        0x2 build/sam_ba_usb.o
 .bss.wIndex.10261
                0x2000007a        0x2 build/sam_ba_usb.o
 .bss.wLength.10262
                0x2000007c        0x2 build/sam_ba_usb.o
 .bss.dir.10259
                0x2000007e        0x1 build/sam_ba_usb.o
 .bss.bmRequestType.10257
                0x2000007f        0x1 build/sam_ba_usb.o
 .bss.wStatus.10263
                0x20000080        0x2 build/sam_ba_usb.o
 *fill*         0x20000082        0x2 
 .bss.src_buff_addr.11123
                0x20000084        0x4 build/sam_ba_monitor.o
 .bss.b_terminal_mode
                0x20000088        0x1 build/sam_ba_monitor.o
                0x20000088                b_terminal_mode
 .bss.b_sam_ba_interface_usart
                0x20000089        0x1 build/sam_ba_monitor.o
                0x20000089                b_sam_ba_interface_usart
 *(COMMON)
 *fill*         0x2000008a        0x2 
 COMMON         0x2000008c      0x180 build/board_driver_usb.o
                0x2000008c                udd_ep_out_cache_buffer
                0x2000010c                udd_ep_in_cache_buffer
                0x2000018c                usb_endpoint_table
 COMMON         0x2000020c        0x4 build/main.o
                0x2000020c                pulSketch_Start_Address
 COMMON         0x20000210        0xc build/sam_ba_usb.o
                0x20000210                sam_ba_cdc
 COMMON         0x2000021c       0x74 build/sam_ba_monitor.o
                0x2000021c                j
                0x20000220                length
                0x20000224                ptr
                0x20000228                command
                0x2000022c                MAX_FLASH
                0x20000230                PAGES
                0x20000234                i
                0x20000238                PAGE_SIZE
                0x2000023c                data
                0x2000027c                ptr_data
                0x20000280                ptr_monitor_if
                0x20000284                sp
                0x20000288                current_number
                0x2000028c                u32tmp
 COMMON         0x20000290      0x10c build/sam_ba_serial.o
                0x20000290                b_sharp_received
                0x20000291                idx_rx_write
                0x20000292                size_of_data
                0x20000294                idx_tx_read
                0x20000298                buffer_tx_usart
                0x20000318                error_timeout
                0x20000319                mode_of_transfer
                0x2000031a                idx_rx_read
                0x2000031b                idx_tx_write
                0x2000031c                buffer_rx_usart
                0x2000039c                . = ALIGN (0x4)
                0x2000039c                __bss_end__ = .

.heap           0x2000039c        0x0
                0x2000039c                __end__ = .
                0x2000039c                PROVIDE (end, .)
 *(.heap*)
                0x2000039c                __HeapLimit = .

.stack_dummy    0x2000039c        0x0
 *(.stack*)
                0x20007ffc                __StackTop = (ORIGIN (RAM) + 0x7ffc)
                0x20007ffc                __StackLimit = (__StackTop - SIZEOF (.stack_dummy))
                0x20007ffc                PROVIDE (__stack, __StackTop)
                0x20007ffb                __ram_end__ = ((ORIGIN (RAM) + 0x7ffc) - 0x1)
                0x00000001                ASSERT ((__StackLimit >= __HeapLimit), region RAM overflowed with stack)
OUTPUT(build/samd21_sam_ba.elf elf32-littlearm)

.ARM.attributes
                0x00000000       0x28
 .ARM.attributes
                0x00000000       0x1e c:/users/mperla.corp/appdata/roaming/arduino15/packages/arduino/tools/arm-none-eabi-gcc/4.8.3-2014q1/bin/../lib/gcc/arm-none-eabi/4.8.3/armv6-m/crti.o
 .ARM.attributes
                0x0000001e       0x2c c:/users/mperla.corp/appdata/roaming/arduino15/packages/arduino/tools/arm-none-eabi-gcc/4.8.3-2014q1/bin/../lib/gcc/arm-none-eabi/4.8.3/armv6-m/crtbegin.o
 .ARM.attributes
                0x0000004a       0x32 build/board_driver_serial.o
 .ARM.attributes
                0x0000007c       0x32 build/board_driver_usb.o
 .ARM.attributes
                0x000000ae       0x32 build/board_init.o
 .ARM.attributes
                0x000000e0       0x32 build/board_startup.o
 .ARM.attributes
                0x00000112       0x32 build/main.o
 .ARM.attributes
                0x00000144       0x32 build/sam_ba_usb.o
 .ARM.attributes
                0x00000176       0x32 build/sam_ba_cdc.o
 .ARM.attributes
                0x000001a8       0x32 build/sam_ba_monitor.o
 .ARM.attributes
                0x000001da       0x32 build/sam_ba_serial.o
 .ARM.attributes
                0x0000020c       0x2c c:/users/mperla.corp/appdata/roaming/arduino15/packages/arduino/tools/arm-none-eabi-gcc/4.8.3-2014q1/bin/../lib/gcc/arm-none-eabi/4.8.3/../../../../arm-none-eabi/lib/armv6-m\libc_s.a(lib_a-memcpy-stub.o)
 .ARM.attributes
                0x00000238       0x2c c:/users/mperla.corp/appdata/roaming/arduino15/packages/arduino/tools/arm-none-eabi-gcc/4.8.3-2014q1/bin/../lib/gcc/arm-none-eabi/4.8.3/../../../../arm-none-eabi/lib/armv6-m\libc_s.a(lib_a-memset.o)
 .ARM.attributes
                0x00000264       0x2c c:/users/mperla.corp/appdata/roaming/arduino15/packages/arduino/tools/arm-none-eabi-gcc/4.8.3-2014q1/bin/../lib/gcc/arm-none-eabi/4.8.3/armv6-m/crtend.o
 .ARM.attributes
                0x00000290       0x1e c:/users/mperla.corp/appdata/roaming/arduino15/packages/arduino/tools/arm-none-eabi-gcc/4.8.3-2014q1/bin/../lib/gcc/arm-none-eabi/4.8.3/armv6-m/crtn.o

.comment        0x00000000       0x70
 .comment       0x00000000       0x70 build/board_driver_serial.o
                                 0x71 (size before relaxing)
 .comment       0x00000000       0x71 build/board_driver_usb.o
 .comment       0x00000000       0x71 build/board_init.o
 .comment       0x00000000       0x71 build/board_startup.o
 .comment       0x00000000       0x71 build/main.o
 .comment       0x00000000       0x71 build/sam_ba_usb.o
 .comment       0x00000000       0x71 build/sam_ba_cdc.o
 .comment       0x00000000       0x71 build/sam_ba_monitor.o
 .comment       0x00000000       0x71 build/sam_ba_serial.o

.debug_info     0x00000000    0x1182d
 .debug_info    0x00000000     0x1e2b build/board_driver_serial.o
 .debug_info    0x00001e2b     0x316b build/board_driver_usb.o
 .debug_info    0x00004f96     0x1f5f build/board_init.o
 .debug_info    0x00006ef5      0x257 build/board_startup.o
 .debug_info    0x0000714c     0x25cb build/main.o
 .debug_info    0x00009717     0x1fc3 build/sam_ba_usb.o
 .debug_info    0x0000b6da     0x1df2 build/sam_ba_cdc.o
 .debug_info    0x0000d4cc      0xe2a build/sam_ba_monitor.o
 .debug_info    0x0000e2f6     0x3537 build/sam_ba_serial.o

.debug_abbrev   0x00000000     0x15d7
 .debug_abbrev  0x00000000      0x1a5 build/board_driver_serial.o
 .debug_abbrev  0x000001a5      0x2c1 build/board_driver_usb.o
 .debug_abbrev  0x00000466      0x13d build/board_init.o
 .debug_abbrev  0x000005a3       0xf0 build/board_startup.o
 .debug_abbrev  0x00000693      0x2ec build/main.o
 .debug_abbrev  0x0000097f      0x28e build/sam_ba_usb.o
 .debug_abbrev  0x00000c0d      0x25a build/sam_ba_cdc.o
 .debug_abbrev  0x00000e67      0x3c9 build/sam_ba_monitor.o
 .debug_abbrev  0x00001230      0x3a7 build/sam_ba_serial.o

.debug_loc      0x00000000     0x1251
 .debug_loc     0x00000000       0xf0 build/board_driver_serial.o
 .debug_loc     0x000000f0      0x355 build/board_driver_usb.o
 .debug_loc     0x00000445       0x69 build/board_startup.o
 .debug_loc     0x000004ae       0x7e build/main.o
 .debug_loc     0x0000052c       0x55 build/sam_ba_usb.o
 .debug_loc     0x00000581      0x1c5 build/sam_ba_cdc.o
 .debug_loc     0x00000746      0x3cf build/sam_ba_monitor.o
 .debug_loc     0x00000b15      0x73c build/sam_ba_serial.o

.debug_aranges  0x00000000      0x260
 .debug_aranges
                0x00000000       0x48 build/board_driver_serial.o
 .debug_aranges
                0x00000048       0x68 build/board_driver_usb.o
 .debug_aranges
                0x000000b0       0x20 build/board_init.o
 .debug_aranges
                0x000000d0       0x48 build/board_startup.o
 .debug_aranges
                0x00000118       0x20 build/main.o
 .debug_aranges
                0x00000138       0x28 build/sam_ba_usb.o
 .debug_aranges
                0x00000160       0x48 build/sam_ba_cdc.o
 .debug_aranges
                0x000001a8       0x38 build/sam_ba_monitor.o
 .debug_aranges
                0x000001e0       0x80 build/sam_ba_serial.o

.debug_ranges   0x00000000      0x1e8
 .debug_ranges  0x00000000       0x38 build/board_driver_serial.o
 .debug_ranges  0x00000038       0x58 build/board_driver_usb.o
 .debug_ranges  0x00000090       0x10 build/board_init.o
 .debug_ranges  0x000000a0       0x38 build/board_startup.o
 .debug_ranges  0x000000d8       0x10 build/main.o
 .debug_ranges  0x000000e8       0x18 build/sam_ba_usb.o
 .debug_ranges  0x00000100       0x38 build/sam_ba_cdc.o
 .debug_ranges  0x00000138       0x28 build/sam_ba_monitor.o
 .debug_ranges  0x00000160       0x88 build/sam_ba_serial.o

.debug_macro    0x00000000     0x307c
 .debug_macro   0x00000000      0x398 build/board_driver_serial.o
 .debug_macro   0x00000398       0x58 build/board_driver_serial.o
 .debug_macro   0x000003f0       0x35 build/board_driver_serial.o
 .debug_macro   0x00000425       0xa3 build/board_driver_serial.o
 .debug_macro   0x000004c8       0x16 build/board_driver_serial.o
 .debug_macro   0x000004de       0x97 build/board_driver_serial.o
 .debug_macro   0x00000575       0x10 build/board_driver_serial.o
 .debug_macro   0x00000585       0xef build/board_driver_serial.o
 .debug_macro   0x00000674       0x4a build/board_driver_serial.o
 .debug_macro   0x000006be       0x52 build/board_driver_serial.o
 .debug_macro   0x00000710       0x16 build/board_driver_serial.o
 .debug_macro   0x00000726       0x43 build/board_driver_serial.o
 .debug_macro   0x00000769      0x180 build/board_driver_serial.o
 .debug_macro   0x000008e9       0x10 build/board_driver_serial.o
 .debug_macro   0x000008f9       0x22 build/board_driver_serial.o
 .debug_macro   0x0000091b       0xbd build/board_driver_serial.o
 .debug_macro   0x000009d8       0x16 build/board_driver_serial.o
 .debug_macro   0x000009ee      0x16c build/board_driver_serial.o
 .debug_macro   0x00000b5a       0x22 build/board_driver_serial.o
 .debug_macro   0x00000b7c      0x20f build/board_driver_serial.o
 .debug_macro   0x00000d8b       0x10 build/board_driver_serial.o
 .debug_macro   0x00000d9b      0x3b4 build/board_driver_usb.o
 .debug_macro   0x0000114f      0x166 build/board_driver_usb.o
 .debug_macro   0x000012b5      0x2a6 build/board_driver_usb.o
 .debug_macro   0x0000155b       0x10 build/board_driver_usb.o
 .debug_macro   0x0000156b       0x35 build/board_driver_usb.o
 .debug_macro   0x000015a0       0x1f build/board_driver_usb.o
 .debug_macro   0x000015bf       0x40 build/board_driver_usb.o
 .debug_macro   0x000015ff       0xdc build/board_driver_usb.o
 .debug_macro   0x000016db       0x16 build/board_driver_usb.o
 .debug_macro   0x000016f1      0x2eb build/board_init.o
 .debug_macro   0x000019dc      0x2c4 build/board_startup.o
 .debug_macro   0x00001ca0      0x3da build/main.o
 .debug_macro   0x0000207a       0x3a build/main.o
 .debug_macro   0x000020b4       0x46 build/main.o
 .debug_macro   0x000020fa       0xe2 build/main.o
 .debug_macro   0x000021dc       0x1c build/main.o
 .debug_macro   0x000021f8      0x3a4 build/sam_ba_usb.o
 .debug_macro   0x0000259c      0x2f5 build/sam_ba_cdc.o
 .debug_macro   0x00002891      0x40d build/sam_ba_monitor.o
 .debug_macro   0x00002c9e       0x1c build/sam_ba_monitor.o
 .debug_macro   0x00002cba      0x3c2 build/sam_ba_serial.o

.debug_line     0x00000000     0x55a6
 .debug_line    0x00000000      0x968 build/board_driver_serial.o
 .debug_line    0x00000968      0xa75 build/board_driver_usb.o
 .debug_line    0x000013dd      0x868 build/board_init.o
 .debug_line    0x00001c45      0x856 build/board_startup.o
 .debug_line    0x0000249b      0x934 build/main.o
 .debug_line    0x00002dcf      0x9cd build/sam_ba_usb.o
 .debug_line    0x0000379c      0x87e build/sam_ba_cdc.o
 .debug_line    0x0000401a      0xaff build/sam_ba_monitor.o
 .debug_line    0x00004b19      0xa8d build/sam_ba_serial.o

.debug_str      0x00000000    0x6b131
 .debug_str     0x00000000    0x67d9e build/board_driver_serial.o
                              0x68175 (size before relaxing)
 .debug_str     0x00067d9e     0x219c build/board_driver_usb.o
                              0x69119 (size before relaxing)
 .debug_str     0x00069f3a      0x86f build/board_init.o
                              0x66446 (size before relaxing)
 .debug_str     0x0006a7a9      0x178 build/board_startup.o
                              0x659b4 (size before relaxing)
 .debug_str     0x0006a921      0x301 build/main.o
                              0x68dc8 (size before relaxing)
 .debug_str     0x0006ac22       0xf5 build/sam_ba_usb.o
                              0x68b27 (size before relaxing)
 .debug_str     0x0006ad17       0x87 build/sam_ba_cdc.o
                              0x66593 (size before relaxing)
 .debug_str     0x0006ad9e      0x1bd build/sam_ba_monitor.o
                              0x6931d (size before relaxing)
 .debug_str     0x0006af5b      0x1d6 build/sam_ba_serial.o
                              0x68b4f (size before relaxing)

.debug_frame    0x00000000      0x57c
 .debug_frame   0x00000000       0x8c build/board_driver_serial.o
 .debug_frame   0x0000008c      0x108 build/board_driver_usb.o
 .debug_frame   0x00000194       0x20 build/board_init.o
 .debug_frame   0x000001b4       0x78 build/board_startup.o
 .debug_frame   0x0000022c       0x2c build/main.o
 .debug_frame   0x00000258       0x48 build/sam_ba_usb.o
 .debug_frame   0x000002a0       0xb0 build/sam_ba_cdc.o
 .debug_frame   0x00000350       0x7c build/sam_ba_monitor.o
 .debug_frame   0x000003cc      0x168 build/sam_ba_serial.o
 .debug_frame   0x00000534       0x28 c:/users/mperla.corp/appdata/roaming/arduino15/packages/arduino/tools/arm-none-eabi-gcc/4.8.3-2014q1/bin/../lib/gcc/arm-none-eabi/4.8.3/../../../../arm-none-eabi/lib/armv6-m\libc_s.a(lib_a-memcpy-stub.o)
 .debug_frame   0x0000055c       0x20 c:/users/mperla.corp/appdata/roaming/arduino15/packages/arduino/tools/arm-none-eabi-gcc/4.8.3-2014q1/bin/../lib/gcc/arm-none-eabi/4.8.3/../../../../arm-none-eabi/lib/armv6-m\libc_s.a(lib_a-memset.o)

Cross Reference Table

Symbol                                            File
HardFault_Handler                                 build/board_startup.o
MAX_FLASH                                         build/sam_ba_monitor.o
NMI_Handler                                       build/board_startup.o
PAGES                                             build/sam_ba_monitor.o
PAGE_SIZE                                         build/sam_ba_monitor.o
PendSV_Handler                                    build/board_startup.o
Reset_Handler                                     build/board_startup.o
RomBOOT_ExtendedCapabilities                      build/sam_ba_monitor.o
RomBOOT_Version                                   build/sam_ba_monitor.o
SVC_Handler                                       build/board_startup.o
SysTick_Handler                                   build/board_startup.o
USB_Configure                                     build/board_driver_usb.o
                                                  build/sam_ba_usb.o
USB_Init                                          build/board_driver_usb.o
                                                  build/sam_ba_usb.o
USB_IsConfigured                                  build/board_driver_usb.o
                                                  build/sam_ba_cdc.o
USB_Open                                          build/board_driver_usb.o
                                                  build/sam_ba_usb.o
USB_Read                                          build/board_driver_usb.o
                                                  build/sam_ba_cdc.o
USB_Read_blocking                                 build/board_driver_usb.o
USB_SendStall                                     build/board_driver_usb.o
                                                  build/sam_ba_usb.o
USB_SendZlp                                       build/board_driver_usb.o
                                                  build/sam_ba_usb.o
USB_SetAddress                                    build/board_driver_usb.o
                                                  build/sam_ba_usb.o
USB_Write                                         build/board_driver_usb.o
                                                  build/sam_ba_cdc.o
                                                  build/sam_ba_usb.o
_Jv_RegisterClasses                               c:/users/mperla.corp/appdata/roaming/arduino15/packages/arduino/tools/arm-none-eabi-gcc/4.8.3-2014q1/bin/../lib/gcc/arm-none-eabi/4.8.3/armv6-m/crtbegin.o
__StackTop                                        build/board_startup.o
__bss_end__                                       build/board_startup.o
                                                  c:/users/mperla.corp/appdata/roaming/arduino15/packages/arduino/tools/arm-none-eabi-gcc/4.8.3-2014q1/bin/../lib/gcc/arm-none-eabi/4.8.3/../../../../arm-none-eabi/lib/armv6-m/crt0.o
__bss_start__                                     build/board_startup.o
                                                  c:/users/mperla.corp/appdata/roaming/arduino15/packages/arduino/tools/arm-none-eabi-gcc/4.8.3-2014q1/bin/../lib/gcc/arm-none-eabi/4.8.3/../../../../arm-none-eabi/lib/armv6-m/crt0.o
__call_exitprocs                                  c:/users/mperla.corp/appdata/roaming/arduino15/packages/arduino/tools/arm-none-eabi-gcc/4.8.3-2014q1/bin/../lib/gcc/arm-none-eabi/4.8.3/../../../../arm-none-eabi/lib/armv6-m\libc_s.a(lib_a-exit.o)
__data_end__                                      build/board_startup.o
__data_start__                                    build/board_startup.o
__deregister_frame_info                           c:/users/mperla.corp/appdata/roaming/arduino15/packages/arduino/tools/arm-none-eabi-gcc/4.8.3-2014q1/bin/../lib/gcc/arm-none-eabi/4.8.3/armv6-m/crtbegin.o
__dso_handle                                      c:/users/mperla.corp/appdata/roaming/arduino15/packages/arduino/tools/arm-none-eabi-gcc/4.8.3-2014q1/bin/../lib/gcc/arm-none-eabi/4.8.3/armv6-m/crtbegin.o
__etext                                           build/board_startup.o
__init_array_end                                  c:/users/mperla.corp/appdata/roaming/arduino15/packages/arduino/tools/arm-none-eabi-gcc/4.8.3-2014q1/bin/../lib/gcc/arm-none-eabi/4.8.3/../../../../arm-none-eabi/lib/armv6-m\libc_s.a(lib_a-init.o)
__init_array_start                                c:/users/mperla.corp/appdata/roaming/arduino15/packages/arduino/tools/arm-none-eabi-gcc/4.8.3-2014q1/bin/../lib/gcc/arm-none-eabi/4.8.3/../../../../arm-none-eabi/lib/armv6-m\libc_s.a(lib_a-init.o)
__libc_fini_array                                 c:/users/mperla.corp/appdata/roaming/arduino15/packages/arduino/tools/arm-none-eabi-gcc/4.8.3-2014q1/bin/../lib/gcc/arm-none-eabi/4.8.3/../../../../arm-none-eabi/lib/armv6-m/crt0.o
__libc_init_array                                 c:/users/mperla.corp/appdata/roaming/arduino15/packages/arduino/tools/arm-none-eabi-gcc/4.8.3-2014q1/bin/../lib/gcc/arm-none-eabi/4.8.3/../../../../arm-none-eabi/lib/armv6-m\libc_s.a(lib_a-init.o)
                                                  c:/users/mperla.corp/appdata/roaming/arduino15/packages/arduino/tools/arm-none-eabi-gcc/4.8.3-2014q1/bin/../lib/gcc/arm-none-eabi/4.8.3/../../../../arm-none-eabi/lib/armv6-m/crt0.o
__preinit_array_end                               c:/users/mperla.corp/appdata/roaming/arduino15/packages/arduino/tools/arm-none-eabi-gcc/4.8.3-2014q1/bin/../lib/gcc/arm-none-eabi/4.8.3/../../../../arm-none-eabi/lib/armv6-m\libc_s.a(lib_a-init.o)
__preinit_array_start                             c:/users/mperla.corp/appdata/roaming/arduino15/packages/arduino/tools/arm-none-eabi-gcc/4.8.3-2014q1/bin/../lib/gcc/arm-none-eabi/4.8.3/../../../../arm-none-eabi/lib/armv6-m\libc_s.a(lib_a-init.o)
__register_frame_info                             c:/users/mperla.corp/appdata/roaming/arduino15/packages/arduino/tools/arm-none-eabi-gcc/4.8.3-2014q1/bin/../lib/gcc/arm-none-eabi/4.8.3/armv6-m/crtbegin.o
__sf_fake_stderr                                  c:/users/mperla.corp/appdata/roaming/arduino15/packages/arduino/tools/arm-none-eabi-gcc/4.8.3-2014q1/bin/../lib/gcc/arm-none-eabi/4.8.3/../../../../arm-none-eabi/lib/armv6-m\libc_s.a(lib_a-impure.o)
__sf_fake_stdin                                   c:/users/mperla.corp/appdata/roaming/arduino15/packages/arduino/tools/arm-none-eabi-gcc/4.8.3-2014q1/bin/../lib/gcc/arm-none-eabi/4.8.3/../../../../arm-none-eabi/lib/armv6-m\libc_s.a(lib_a-impure.o)
__sf_fake_stdout                                  c:/users/mperla.corp/appdata/roaming/arduino15/packages/arduino/tools/arm-none-eabi-gcc/4.8.3-2014q1/bin/../lib/gcc/arm-none-eabi/4.8.3/../../../../arm-none-eabi/lib/armv6-m\libc_s.a(lib_a-impure.o)
__sketch_vectors_ptr                              build/main.o
__stack                                           c:/users/mperla.corp/appdata/roaming/arduino15/packages/arduino/tools/arm-none-eabi-gcc/4.8.3-2014q1/bin/../lib/gcc/arm-none-eabi/4.8.3/../../../../arm-none-eabi/lib/armv6-m/crt0.o
_exit                                             c:/users/mperla.corp/appdata/roaming/arduino15/packages/arduino/tools/arm-none-eabi-gcc/4.8.3-2014q1/bin/../lib/gcc/arm-none-eabi/4.8.3/../../../../arm-none-eabi/lib/armv6-m\libnosys.a(_exit.o)
                                                  c:/users/mperla.corp/appdata/roaming/arduino15/packages/arduino/tools/arm-none-eabi-gcc/4.8.3-2014q1/bin/../lib/gcc/arm-none-eabi/4.8.3/../../../../arm-none-eabi/lib/armv6-m\libc_s.a(lib_a-exit.o)
_fini                                             c:/users/mperla.corp/appdata/roaming/arduino15/packages/arduino/tools/arm-none-eabi-gcc/4.8.3-2014q1/bin/../lib/gcc/arm-none-eabi/4.8.3/armv6-m/crti.o
_global_impure_ptr                                c:/users/mperla.corp/appdata/roaming/arduino15/packages/arduino/tools/arm-none-eabi-gcc/4.8.3-2014q1/bin/../lib/gcc/arm-none-eabi/4.8.3/../../../../arm-none-eabi/lib/armv6-m\libc_s.a(lib_a-impure.o)
                                                  c:/users/mperla.corp/appdata/roaming/arduino15/packages/arduino/tools/arm-none-eabi-gcc/4.8.3-2014q1/bin/../lib/gcc/arm-none-eabi/4.8.3/../../../../arm-none-eabi/lib/armv6-m\libc_s.a(lib_a-exit.o)
_impure_ptr                                       c:/users/mperla.corp/appdata/roaming/arduino15/packages/arduino/tools/arm-none-eabi-gcc/4.8.3-2014q1/bin/../lib/gcc/arm-none-eabi/4.8.3/../../../../arm-none-eabi/lib/armv6-m\libc_s.a(lib_a-impure.o)
_init                                             c:/users/mperla.corp/appdata/roaming/arduino15/packages/arduino/tools/arm-none-eabi-gcc/4.8.3-2014q1/bin/../lib/gcc/arm-none-eabi/4.8.3/armv6-m/crti.o
                                                  c:/users/mperla.corp/appdata/roaming/arduino15/packages/arduino/tools/arm-none-eabi-gcc/4.8.3-2014q1/bin/../lib/gcc/arm-none-eabi/4.8.3/../../../../arm-none-eabi/lib/armv6-m\libc_s.a(lib_a-init.o)
_mainCRTStartup                                   c:/users/mperla.corp/appdata/roaming/arduino15/packages/arduino/tools/arm-none-eabi-gcc/4.8.3-2014q1/bin/../lib/gcc/arm-none-eabi/4.8.3/../../../../arm-none-eabi/lib/armv6-m/crt0.o
_start                                            c:/users/mperla.corp/appdata/roaming/arduino15/packages/arduino/tools/arm-none-eabi-gcc/4.8.3-2014q1/bin/../lib/gcc/arm-none-eabi/4.8.3/../../../../arm-none-eabi/lib/armv6-m/crt0.o
atexit                                            c:/users/mperla.corp/appdata/roaming/arduino15/packages/arduino/tools/arm-none-eabi-gcc/4.8.3-2014q1/bin/../lib/gcc/arm-none-eabi/4.8.3/../../../../arm-none-eabi/lib/armv6-m/crt0.o
b_sam_ba_interface_usart                          build/sam_ba_monitor.o
b_sharp_received                                  build/sam_ba_serial.o
b_terminal_mode                                   build/sam_ba_monitor.o
board_init                                        build/board_init.o
                                                  build/main.o
buffer_rx_usart                                   build/sam_ba_serial.o
buffer_tx_usart                                   build/sam_ba_serial.o
call_applet                                       build/sam_ba_monitor.o
cdc_getc                                          build/sam_ba_cdc.o
                                                  build/sam_ba_monitor.o
cdc_is_rx_ready                                   build/sam_ba_cdc.o
                                                  build/sam_ba_monitor.o
cdc_putc                                          build/sam_ba_cdc.o
                                                  build/sam_ba_monitor.o
cdc_read_buf                                      build/sam_ba_cdc.o
                                                  build/sam_ba_monitor.o
cdc_read_buf_xmd                                  build/sam_ba_cdc.o
                                                  build/sam_ba_monitor.o
cdc_write_buf                                     build/sam_ba_cdc.o
                                                  build/sam_ba_monitor.o
command                                           build/sam_ba_monitor.o
current_number                                    build/sam_ba_monitor.o
data                                              build/sam_ba_monitor.o
error_timeout                                     build/sam_ba_serial.o
exception_table                                   build/board_startup.o
exit                                              c:/users/mperla.corp/appdata/roaming/arduino15/packages/arduino/tools/arm-none-eabi-gcc/4.8.3-2014q1/bin/../lib/gcc/arm-none-eabi/4.8.3/../../../../arm-none-eabi/lib/armv6-m\libc_s.a(lib_a-exit.o)
                                                  c:/users/mperla.corp/appdata/roaming/arduino15/packages/arduino/tools/arm-none-eabi-gcc/4.8.3-2014q1/bin/../lib/gcc/arm-none-eabi/4.8.3/../../../../arm-none-eabi/lib/armv6-m/crt0.o
hardware_init_hook                                c:/users/mperla.corp/appdata/roaming/arduino15/packages/arduino/tools/arm-none-eabi-gcc/4.8.3-2014q1/bin/../lib/gcc/arm-none-eabi/4.8.3/../../../../arm-none-eabi/lib/armv6-m/crt0.o
i                                                 build/sam_ba_monitor.o
idx_rx_read                                       build/sam_ba_serial.o
idx_rx_write                                      build/sam_ba_serial.o
idx_tx_read                                       build/sam_ba_serial.o
idx_tx_write                                      build/sam_ba_serial.o
j                                                 build/sam_ba_monitor.o
length                                            build/sam_ba_monitor.o
line_coding                                       build/sam_ba_cdc.o
                                                  build/sam_ba_usb.o
main                                              build/main.o
                                                  build/board_startup.o
                                                  c:/users/mperla.corp/appdata/roaming/arduino15/packages/arduino/tools/arm-none-eabi-gcc/4.8.3-2014q1/bin/../lib/gcc/arm-none-eabi/4.8.3/../../../../arm-none-eabi/lib/armv6-m/crt0.o
memcpy                                            c:/users/mperla.corp/appdata/roaming/arduino15/packages/arduino/tools/arm-none-eabi-gcc/4.8.3-2014q1/bin/../lib/gcc/arm-none-eabi/4.8.3/../../../../arm-none-eabi/lib/armv6-m\libc_s.a(lib_a-memcpy-stub.o)
                                                  build/sam_ba_monitor.o
                                                  build/board_driver_usb.o
memset                                            c:/users/mperla.corp/appdata/roaming/arduino15/packages/arduino/tools/arm-none-eabi-gcc/4.8.3-2014q1/bin/../lib/gcc/arm-none-eabi/4.8.3/../../../../arm-none-eabi/lib/armv6-m\libc_s.a(lib_a-memset.o)
                                                  build/board_driver_usb.o
                                                  c:/users/mperla.corp/appdata/roaming/arduino15/packages/arduino/tools/arm-none-eabi-gcc/4.8.3-2014q1/bin/../lib/gcc/arm-none-eabi/4.8.3/../../../../arm-none-eabi/lib/armv6-m/crt0.o
mode_of_transfer                                  build/sam_ba_serial.o
ptr                                               build/sam_ba_monitor.o
ptr_data                                          build/sam_ba_monitor.o
ptr_monitor_if                                    build/sam_ba_monitor.o
pulSketch_Start_Address                           build/main.o
sam_ba_cdc                                        build/sam_ba_cdc.o
                                                  build/sam_ba_usb.o
sam_ba_monitor_init                               build/sam_ba_monitor.o
                                                  build/main.o
sam_ba_monitor_run                                build/sam_ba_monitor.o
                                                  build/main.o
sam_ba_putdata_term                               build/sam_ba_monitor.o
sam_ba_usb_CDC_Enumerate                          build/sam_ba_usb.o
                                                  build/board_driver_usb.o
serial_add_crc                                    build/sam_ba_serial.o
                                                  build/sam_ba_monitor.o
serial_close                                      build/sam_ba_serial.o
serial_getc                                       build/sam_ba_serial.o
                                                  build/sam_ba_monitor.o
serial_getdata                                    build/sam_ba_serial.o
                                                  build/sam_ba_monitor.o
serial_getdata_xmd                                build/sam_ba_serial.o
                                                  build/sam_ba_monitor.o
serial_is_rx_ready                                build/sam_ba_serial.o
                                                  build/sam_ba_monitor.o
serial_open                                       build/sam_ba_serial.o
                                                  build/main.o
serial_putc                                       build/sam_ba_serial.o
                                                  build/sam_ba_monitor.o
serial_putdata                                    build/sam_ba_serial.o
                                                  build/sam_ba_monitor.o
serial_putdata_xmd                                build/sam_ba_serial.o
                                                  build/sam_ba_monitor.o
serial_readc                                      build/sam_ba_serial.o
serial_sharp_received                             build/sam_ba_serial.o
                                                  build/main.o
size_of_data                                      build/sam_ba_serial.o
software_init_hook                                c:/users/mperla.corp/appdata/roaming/arduino15/packages/arduino/tools/arm-none-eabi-gcc/4.8.3-2014q1/bin/../lib/gcc/arm-none-eabi/4.8.3/../../../../arm-none-eabi/lib/armv6-m/crt0.o
sp                                                build/sam_ba_monitor.o
u32tmp                                            build/sam_ba_monitor.o
uart_basic_init                                   build/board_driver_serial.o
                                                  build/sam_ba_serial.o
uart_disable                                      build/board_driver_serial.o
                                                  build/sam_ba_serial.o
uart_drv_error_flag                               build/board_driver_serial.o
uart_if                                           build/sam_ba_monitor.o
uart_read_buffer_polled                           build/board_driver_serial.o
uart_read_byte                                    build/board_driver_serial.o
                                                  build/sam_ba_serial.o
uart_write_buffer_polled                          build/board_driver_serial.o
uart_write_byte                                   build/board_driver_serial.o
                                                  build/sam_ba_serial.o
udd_ep_in_cache_buffer                            build/board_driver_usb.o
udd_ep_out_cache_buffer                           build/sam_ba_usb.o
                                                  build/board_driver_usb.o
usb_endpoint_table                                build/board_driver_usb.o
usb_init                                          build/sam_ba_usb.o
                                                  build/main.o
usbcdc_if                                         build/sam_ba_monitor.o
